// Jest Snapshot v1, https://goo.gl/fbAQLP

exports[`FilmsList should render 1`] = `
<div
  className="catalog__movies-list"
>
  <article
    className="small-movie-card catalog__movies-card"
    onMouseEnter={[Function]}
    onMouseLeave={[Function]}
  >
    <div
      className="small-movie-card__image"
    >
      <video
        height={175}
        loop={true}
        muted={true}
        src="img/fantastic-beasts-the-crimes-of-grindelwald.jpg"
        width={280}
      />
    </div>
    <h3
      className="small-movie-card__title"
    >
      <a
        className="small-movie-card__link"
        href="fantastic-beasts-the-crimes-of-grindelwald.html"
        onClick={[Function]}
      >
        Fantastic Beasts: The Crimes of Grindelwald
      </a>
    </h3>
  </article>
</div>
`;
